git status                   // вывод внесенных незакоммиченных изменений

git add .                    //

git commit -m"сообщение"     // закоммитить изменения в текущей ветке

git restore                  // отмена add

git reset --soft <commit_id> // отмена commit с возможностью изменения предыдущих действий
          --hard <commit_id> // безвозвратная отмена commit

git push                     // запушить изменения в репозиторий

git log --oneline            // вывод истории текущей ветки

git checkout <branch_name>   // переход на ветку <branch_name>. С ключем -b создаст и перейдет на новую ветку (команда с ключем не сработает, если уже имеется такая ветка)

git branch <branch_name>     // создание ветки <branch_name>. С ключем -d удалит ветку <branch_name>

git pull                     // достать данные из репозитория

git fetch                    // посмотреть новые данные в репозитории

git merge <branch_name> -m'' // замерджить ветку <branch_name> в текущую ветку. Не забываем про сообщение в ключе

git remote add upstream <origin link> // 



$ git clone https://github.com/rgurko/Python_Group32.git
Cloning into 'Python_Group32'...
remote: Enumerating objects: 15, done.
remote: Counting objects: 100% (15/15), done.
remote: Compressing objects: 100% (12/12), done.
remote: Total 15 (delta 2), reused 7 (delta 1), pack-reused 0
Receiving objects: 100% (15/15), 5.64 KiB | 481.00 KiB/s, done.
Resolving deltas: 100% (2/2), done.

python@3-11 MINGW64 /tmp/test
$ git remote -v
fatal: not a git repository (or any of the parent directories): .git

python@3-11 MINGW64 /tmp/test
$ cd Python_Group32/

python@3-11 MINGW64 /tmp/test/Python_Group32 (master)
$ git remote -v
origin  https://github.com/rgurko/Python_Group32.git (fetch)
origin  https://github.com/rgurko/Python_Group32.git (push)

python@3-11 MINGW64 /tmp/test/Python_Group32 (master)
$ git remote add upstream https://github.com/alDv0rnik/Python_Group32.git

python@3-11 MINGW64 /tmp/test/Python_Group32 (master)
$ git remote -v
origin  https://github.com/rgurko/Python_Group32.git (fetch)
origin  https://github.com/rgurko/Python_Group32.git (push)
upstream        https://github.com/alDv0rnik/Python_Group32.git (fetch)
upstream        https://github.com/alDv0rnik/Python_Group32.git (push)

python@3-11 MINGW64 /tmp/test/Python_Group32 (master)
$ git branch -a
* master
  remotes/origin/HEAD -> origin/master
  remotes/origin/Topic_2_GIT
  remotes/origin/Topic_3_Basic_types
  remotes/origin/master

python@3-11 MINGW64 /tmp/test/Python_Group32 (master)
$ git checkout --track origin/Topic_2_GIT
Switched to a new branch 'Topic_2_GIT'
branch 'Topic_2_GIT' set up to track 'origin/Topic_2_GIT'.

python@3-11 MINGW64 /tmp/test/Python_Group32 (Topic_2_GIT)
$ git branch -a
* Topic_2_GIT
  master
  remotes/origin/HEAD -> origin/master
  remotes/origin/Topic_2_GIT
  remotes/origin/Topic_3_Basic_types
  remotes/origin/master

python@3-11 MINGW64 /tmp/test/Python_Group32 (Topic_2_GIT)
$ ls -la
total 20
drwxr-xr-x 1 python 1049089    0 Oct 18 20:28 ./
drwxr-xr-x 1 python 1049089    0 Oct 18 20:25 ../
drwxr-xr-x 1 python 1049089    0 Oct 18 20:28 .git/
-rw-r--r-- 1 python 1049089 3246 Oct 18 20:25 .gitignore
-rw-r--r-- 1 python 1049089 1913 Oct 18 20:28 HOMETASK.md
-rw-r--r-- 1 python 1049089 3064 Oct 18 20:25 README.md

python@3-11 MINGW64 /tmp/test/Python_Group32 (Topic_2_GIT)
$ cat HOMETASK.md
### Topic 2: GIT

#### Task 1
1. Создать локальную директорию и инициировать ее для git
2. Создать текстовый файл в директории и выполнить коммит
3. Создать удаленный репозиторий на GitHub
4. Отправить (Push) локальный репозиторий в GitHub
5. Создать новую ветку (назвать develop) и переключиться на нее
6. Создать новую ветку от 'develop' и переключиться на нее
7. Добавить первую строку в текстовый файл, выполнить коммит и отправить в репозиторий. В удаленном репозитории должны оказаться ветки develop и созданная от нее
8. Клонировать ваш репозиторий с GitHub в отдельную директорию
9. Создать другую ветку от ветки 'develop' и переключиться на нее, используя клонированный проект
10. Добавить первую строку в текстовый файл (отличный от первой ветки), выполнить коммит и отправить в удаленный реозиторий
11. Переключиться на 'develop'
12. Объединить (merge) первую ветку и отправить (push) изменения
13. Объединить (merge) вторую ветку и отправить (push) изменения
14. Разрешить конфликты, если необходимо
15. Все использованные команды записать в отдельный файл и отправить в репозиторий под именем Task1.md

python@3-11 MINGW64 /tmp/test/Python_Group32 (Topic_2_GIT)
$ mkdir Gurko_Roman

python@3-11 MINGW64 /tmp/test/Python_Group32 (Topic_2_GIT)
$ cd Gurko_Roman/

python@3-11 MINGW64 /tmp/test/Python_Group32/Gurko_Roman (Topic_2_GIT)
$ nano Task1.md

python@3-11 MINGW64 /tmp/test/Python_Group32/Gurko_Roman (Topic_2_GIT)
$ git status
On branch Topic_2_GIT
Your branch is up to date with 'origin/Topic_2_GIT'.

Untracked files:
  (use "git add <file>..." to include in what will be committed)
        ./

nothing added to commit but untracked files present (use "git add" to track)

python@3-11 MINGW64 /tmp/test/Python_Group32/Gurko_Roman (Topic_2_GIT)
$ git add .
warning: in the working copy of 'Gurko_Roman/Task1.md', LF will be replaced by CRLF the next time Git touches it

python@3-11 MINGW64 /tmp/test/Python_Group32/Gurko_Roman (Topic_2_GIT)
$ git commit -m "Added Task1.md"
[Topic_2_GIT ab6863f] Added Task1.md
 Committer: Python <python@it.step>
Your name and email address were configured automatically based
on your username and hostname. Please check that they are accurate.
You can suppress this message by setting them explicitly. Run the
following command and follow the instructions in your editor to edit
your configuration file:

    git config --global --edit

After doing this, you may fix the identity used for this commit with:

    git commit --amend --reset-author

 1 file changed, 1 insertion(+)
 create mode 100644 Gurko_Roman/Task1.md

python@3-11 MINGW64 /tmp/test/Python_Group32/Gurko_Roman (Topic_2_GIT)
Enumerating objects: 5, done.
Counting objects: 100% (5/5), done.
Delta compression using up to 2 threads
Compressing objects: 100% (2/2), done.
Writing objects: 100% (4/4), 401 bytes | 200.00 KiB/s, done.
Total 4 (delta 0), reused 0 (delta 0), pack-reused 0
To https://github.com/rgurko/Python_Group32.git
   9e0ae56..ab6863f  Topic_2_GIT -> Topic_2_GIT

 